---
source: fastn-p1/src/lib.rs
expression: "fastn_parser::ParseOutput::new(\"foo\", &s).debug(&s)"
input_file: fastn-p1/t/001-empty.ftd
---
doc_name: foo
items: []
module_doc: ~
